<html>
<body>
<pre>
<h1>µVision Build Log</h1>
<h2>Project:</h2>
E:\SoftProject\stplatform\stm23f105-vcp\rt-wifi.uvproj
Project File Date:  07/16/2013

<h2>Output:</h2>
Build target 'adinternal'
compiling Sensor701.c...
linking...
Program Size: Code=32844 RO-data=2116 RW-data=688 ZI-data=7656  
FromELF: creating hex file...
".\build\rt-wifi.axf" - 0 Error(s), 0 Warning(s).
Load "E:\\SoftProject\\stplatform\\stm23f105-vcp\\build\\rt-wifi.AXF" 
* JLink Info: Device "STM32F105RC" selected (256 KB flash, 20 KB RAM).
Set JLink Project File to "E:\SoftProject\stplatform\stm23f105-vcp\JLinkSettings.ini"
 
JLink info:
------------
DLL: V4.35b, compiled Sep  2 2011 18:34:46
Firmware: J-Link ARM V8 compiled Sep  2 2011 17:54:36
Hardware: V8.00
S/N : 20100214 
Feature(s) : RDI,FlashDL,FlashBP,JFlash,GDBFull 
 
* JLink Info: TotalIRLen = 9, IRPrint = 0x0011
* JLink Info: Found Cortex-M3 r1p1, Little endian.
* JLink Info: TPIU fitted.
* JLink Info: ETM fitted.
* JLink Info:   FPUnit: 6 code (BP) slots and 2 literal slots
ROMTableAddr = 0xE00FF003
* JLink Info: TotalIRLen = 9, IRPrint = 0x0011
* JLink Info: Found Cortex-M3 r1p1, Little endian.
* JLink Info: TPIU fitted.
* JLink Info: ETM fitted.
* JLink Info:   FPUnit: 6 code (BP) slots and 2 literal slots
 
Target info:
------------
Device: STM32F105RC
VTarget = 3.280V
State of Pins: 
TCK: 1, TDI: 0, TDO: 1, TMS: 0, TRES: 1, TRST: 1
Hardware-Breakpoints: 6
Software-Breakpoints: 8192
Watchpoints:          4
JTAG speed: 3000 kHz
 
Erase Done.
Programming Done.
Verify OK.
